Saved content